// Jest Snapshot v1, https://goo.gl/fbAQLP

exports[`Input matches snapshot 1`] = `
<div
  className="w-full"
>
  <div
    className="relative"
  >
    <input
      className="shadow-sm focus:outline-none w-full border bg-light border-gray-300 rounded-md block text-gray-900 placeholder-gray-500 focus:border-primary focus:ring-primary"
      style={
        Object {
          "WebkitAppearance": "none",
        }
      }
    />
  </div>
</div>
`;
